../Core/Src/tim.c:210:6:MX_TIM6_Init	16	static
../Core/Src/tim.c:321:6:HAL_TIM_Base_MspInit	24	static
../Core/Src/tim.c:374:6:HAL_TIM_PWM_MspInit	8	static
../Core/Src/tim.c:389:6:HAL_TIM_MspPostInit	48	static
../Core/Src/tim.c:34:6:MX_TIM2_Init	64	static
../Core/Src/tim.c:96:6:MX_TIM3_Init	48	static
../Core/Src/tim.c:152:6:MX_TIM4_Init	64	static
../Core/Src/tim.c:243:6:MX_TIM8_Init	96	static
../Core/Src/tim.c:485:6:HAL_TIM_Base_MspDeInit	0	static
../Core/Src/tim.c:537:6:HAL_TIM_PWM_MspDeInit	0	static
